I'm sorry, but errors were detected in your script. Please correct the
errors listed below, and try again.


File "game/script.rpy", line 19: is not terminated with a newline. (Check strings and parenthesis.)
(Perhaps you left out a " at the end of the first line.)
        n """Мы подготовили для вас пирожные и эту мальенькую игру. 

Ren'Py Version: Ren'Py 8.1.3.23091805
Fri Dec 29 00:09:53 2023
